version https://git-lfs.github.com/spec/v1
oid sha256:6cb750b2181606511f4a7e4786b53692f51a9cdc4d3172fdcfb9267aeca7e4e4
size 114
