version https://git-lfs.github.com/spec/v1
oid sha256:cd894b0a31cb367a16fd72961a62cb075b8439785ad7b5175c9bb039828ff943
size 26
