version https://git-lfs.github.com/spec/v1
oid sha256:032bb228709c4cb6e0042a5a4197ba9ad04a3b8cd68ee7cc448d37523a81a7ab
size 522
