version https://git-lfs.github.com/spec/v1
oid sha256:af7890390f4aa5f757fbb84f46f1bd07c9d95e58be5a75c703732090783daa29
size 12
