version https://git-lfs.github.com/spec/v1
oid sha256:61ecc9137eeb4cb0f643bc06b184d91b0ddde06ab663e185208812c3c63ef4ca
size 58
