version https://git-lfs.github.com/spec/v1
oid sha256:cf6570d71109b48f8014c9d1329835ca300d56a9512aae8fb223fd7ff4989ff3
size 41000000
