version https://git-lfs.github.com/spec/v1
oid sha256:8bd92d6c2fd2b554239f108ffb867bf2ac1697cb60bda13793b565e39ec03910
size 23
