version https://git-lfs.github.com/spec/v1
oid sha256:6b62d2c222a2c3c7d893210dd9f09fe9c1e4637b870d607ef6428ee83ebce7b9
size 66
