version https://git-lfs.github.com/spec/v1
oid sha256:fd2c9735e5959db4bf6803f0b67741321b3f7a282aad501b3dfafdc6cd26b420
size 5
