version https://git-lfs.github.com/spec/v1
oid sha256:9086d94ccc28f72052c6232f91320b5a579c42357e3ecaa75cd5facd8ddbe193
size 24
