version https://git-lfs.github.com/spec/v1
oid sha256:5b904a64cdb6e643d595c7c57cd1d0dfe3af95fa9935b8a1997288549f2bcf39
size 135
