version https://git-lfs.github.com/spec/v1
oid sha256:128fb0a789f0a01f8ffac20f0a8d5b440aac9ccb1dbf3db2c674fd956d204759
size 4815015
