version https://git-lfs.github.com/spec/v1
oid sha256:a9a40956907c3a5b45c425800f47b158c7b9424e5b2fd85b23843a22db150408
size 33
