version https://git-lfs.github.com/spec/v1
oid sha256:343c9c8e1e9780db951250ac144b14305add2004a7638bbcd6c15253f241e068
size 24
