version https://git-lfs.github.com/spec/v1
oid sha256:7bc7c60255b814e782b2c27abdfba679b64d10f940a83dfc99467561588c8518
size 29
