version https://git-lfs.github.com/spec/v1
oid sha256:ba3f3e08c46a5b5f52989901cd6a2c2baa9d3a785c1ecdf9898cee55683b6753
size 91
