version https://git-lfs.github.com/spec/v1
oid sha256:08ab3b2851fdc25c285f13d90b617909e538702535e7f5c22129a9f0e4a56506
size 262
