version https://git-lfs.github.com/spec/v1
oid sha256:444caa3fc469fd7037580a2462ee26ee7c0739f4b25f8937c37e19182b4e98a6
size 22808
