version https://git-lfs.github.com/spec/v1
oid sha256:be0a06e27b3b811b58cbcc1f50b16e1025ceb14770c04809bfbdda253cbbc661
size 246
